Microchip Technology Inc, v2.10 (B)

Tool Name:
  c:\program files\microchip\xc16\v2.10\bin\bin\..\bin/elf-ld.exe

Command:
  -p24FJ64GA010 \
  --mdfp=C:/Program Files/Microchip/MPLABX/v6.20/packs/Microchip/PIC24F-GA-GB_DFP/1.9.336/xc16 \
  -o \
  dist/default/production/MuscleMatrix.X.production.elf \
  -Lc:/program files/microchip/xc16/v2.10/bin/bin/.. \
  -LC:/Program Files/Microchip/MPLABX/v6.20/packs/Microchip/PIC24F-GA-GB_DFP/1.9.336/xc16/bin/../support/PIC24F/gld \
  -Lc:/program files/microchip/xc16/v2.10/bin/bin/../../lib \
  -Lc:/program files/microchip/xc16/v2.10/bin/bin/../../support/PIC24E/gld \
  -Lc:/program files/microchip/xc16/v2.10/bin/bin/../../support/PIC24F/gld \
  -Lc:/program files/microchip/xc16/v2.10/bin/bin/../../support/PIC24H/gld \
  -Lc:/program files/microchip/xc16/v2.10/bin/bin/../../support/dsPIC30F/gld \
  -Lc:/program files/microchip/xc16/v2.10/bin/bin/../../support/dsPIC33C/gld \
  -Lc:/program files/microchip/xc16/v2.10/bin/bin/../../support/dsPIC33E/gld \
  -Lc:/program files/microchip/xc16/v2.10/bin/bin/../../support/dsPIC33F/gld \
  build/default/production/mcc_generated_files/system.o \
  build/default/production/mcc_generated_files/clock.o \
  build/default/production/mcc_generated_files/traps.o \
  build/default/production/mcc_generated_files/interrupt_manager.o \
  build/default/production/mcc_generated_files/mcc.o \
  build/default/production/mcc_generated_files/uart2.o \
  build/default/production/mcc_generated_files/pin_manager.o \
  build/default/production/mcc_generated_files/tmr1.o \
  build/default/production/mcc_generated_files/tmr2.o \
  build/default/production/mcc_generated_files/adc1.o \
  build/default/production/mcc_generated_files/i2c1.o \
  build/default/production/mcc_generated_files/tmr3.o \
  build/default/production/main.o \
  build/default/production/NEMS.o \
  build/default/production/common.o \
  build/default/production/eeprom.o \
  build/default/production/dac.o \
  build/default/production/imu.o \
  --defsym=__MPLAB_BUILD=1 \
  -Tp24FJ64GA010.gld.00 \
  --stack=16 \
  --check-sections \
  --data-init \
  --pack-data \
  --handles \
  --isr \
  --no-gc-sections \
  --fill-upper=0 \
  --stackguard=16 \
  --no-force-link \
  --smart-io \
  -Map=dist/default/production/MuscleMatrix.X.production.map \
  --report-mem \
  --memorysummary \
  dist/default/production/memoryfile.xml \
  -start-group \
  --library=c99-pic30-elf \
  --library=m-elf \
  --library=c99-elf \
  -end-group \


Optional library libpPIC24Fxxx.a not found
Archive member included because of file (symbol)

c:/program files/microchip/xc16/v2.10/bin/bin/../../lib\libc99-pic30-elf.a(crt0_standard.o)
                              (__resetPRI)
c:/program files/microchip/xc16/v2.10/bin/bin/../../lib\libc99-pic30-elf.a(data_init_standard.o)
                              c:/program files/microchip/xc16/v2.10/bin/bin/../../lib\libc99-pic30-elf.a(crt0_standard.o) (__data_init_standard)
c:/program files/microchip/xc16/v2.10/bin/bin/../../lib\libc99-pic30-elf.a(crt_start_mode_normal.Meo)
                              (__crt_start_mode_normal)
c:/program files/microchip/xc16/v2.10/bin/bin/../../lib\libc99-pic30-elf.a(delay32.Meo)
                              build/default/production/NEMS.o (___delay32)
c:/program files/microchip/xc16/v2.10/bin/bin/../../lib\libc99-pic30-elf.a(feqltle.XX_o)
                              build/default/production/NEMS.o (___ltsf2)
c:/program files/microchip/xc16/v2.10/bin/bin/../../lib\libc99-pic30-elf.a(fgtge.XX_o)
                              build/default/production/NEMS.o (___gtsf2)
c:/program files/microchip/xc16/v2.10/bin/bin/../../lib\libc99-pic30-elf.a(fixsfsi.XX_o)
                              build/default/production/NEMS.o (_(float, int, long long, short, float, short, int))
c:/program files/microchip/xc16/v2.10/bin/bin/../../lib\libc99-pic30-elf.a(fixunssfsi.XX_o)
                              build/default/production/dac.o (___fixunssfsi)
c:/program files/microchip/xc16/v2.10/bin/bin/../../lib\libc99-pic30-elf.a(floatsisf.XX_o)
                              build/default/production/NEMS.o (___floatsisf)
c:/program files/microchip/xc16/v2.10/bin/bin/../../lib\libc99-pic30-elf.a(floatunsisf.XX_o)
                              build/default/production/NEMS.o (___floatunsisf)
c:/program files/microchip/xc16/v2.10/bin/bin/../../lib\libc99-pic30-elf.a(funpack.XX_o)
                              c:/program files/microchip/xc16/v2.10/bin/bin/../../lib\libc99-pic30-elf.a(fixsfsi.XX_o) (__funpack)
c:/program files/microchip/xc16/v2.10/bin/bin/../../lib\libc99-pic30-elf.a(udivsi3.XX_o)
                              build/default/production/common.o (___udivsi3)
c:/program files/microchip/xc16/v2.10/bin/bin/../../lib\libc99-pic30-elf.a(umodsi3.XX_o)
                              build/default/production/common.o (___umodsi3)
[...]
Memory Configuration

Name             Origin             Length             Attributes
data             0x000800           0x002000           a !xr
reset            0x000000           0x000004  
ivt              0x000004           0x0000fc  
_reserved        0x000100           0x000004  
aivt             0x000104           0x0000fc  
program          0x000200           0x00a9fc           xr
CONFIG2          0x00abfc           0x000002  
CONFIG1          0x00abfe           0x000002  
*default*        0x000000           0xffffffff  

Linker script and memory map

LOAD build/default/production/mcc_generated_files/system.o
LOAD build/default/production/mcc_generated_files/clock.o
LOAD build/default/production/mcc_generated_files/traps.o
LOAD build/default/production/mcc_generated_files/interrupt_manager.o
LOAD build/default/production/mcc_generated_files/mcc.o
LOAD build/default/production/mcc_generated_files/uart2.o
LOAD build/default/production/mcc_generated_files/pin_manager.o
LOAD build/default/production/mcc_generated_files/tmr1.o
LOAD build/default/production/mcc_generated_files/tmr2.o
LOAD build/default/production/mcc_generated_files/adc1.o
LOAD build/default/production/mcc_generated_files/i2c1.o
LOAD build/default/production/mcc_generated_files/tmr3.o
LOAD build/default/production/main.o
LOAD build/default/production/NEMS.o
LOAD build/default/production/common.o
LOAD build/default/production/eeprom.o
LOAD build/default/production/dac.o
LOAD build/default/production/imu.o
                    0x0001                  __MPLAB_BUILD = 0x1
LOAD pPIC24Fxxx
LOAD c:/program files/microchip/xc16/v2.10/bin/bin/../../lib\libfx-elf.a
                    0xabfc                  __CONFIG2 = 0xabfc
                    0xabfe                  __CONFIG1 = 0xabfe
                    0x0001                  __NO_HANDLES = 0x1
                    0x0200                  __CODE_BASE = 0x200
                    0xa9fc                  __CODE_LENGTH = 0xa9fc
                    0x0004                  __IVT_BASE = 0x4
                    0x0104                  __AIVT_BASE = 0x104
                    0x0800                  __DATA_BASE = 0x800
                    0x2000                  __DATA_LENGTH = 0x2000

.reset            0x000000          0x4
                  0x000000          0x2 SHORT 0x200 ABSOLUTE (__reset)
                  0x000001          0x2 SHORT 0x4
                  0x000002          0x2 SHORT 0x0 ((ABSOLUTE (__reset) >> 0x10) & 0x7f)
                  0x000003          0x2 SHORT 0x0

.text             0x000200        0xe2e
 *(.init)
 .init            0x000200         0x4c c:/program files/microchip/xc16/v2.10/bin/bin/../../lib\libc99-pic30-elf.a(crt0_standard.o)
                  0x000200                  __resetPRI
                  0x000200                  __reset
                  0x00023c                  __psv_init
 .init            0x00024c         0x7c c:/program files/microchip/xc16/v2.10/bin/bin/../../lib\libc99-pic30-elf.a(data_init_standard.o)
                  0x000252                  __data_init_standard
                  0x000252                  __data_init
 *(.user_init)
 *(.handle)
 *(.isr*)
 .isr.text        0x0002e8         0x82 build/default/production/mcc_generated_files/traps.o
                  0x0002e8                  __OscillatorFail
                  0x000308                  __StackError
                  0x00032a                  __AddressError
                  0x00034a                  __MathError
 .isr.text        0x00036a         0xd8 build/default/production/mcc_generated_files/uart2.o
                  0x00036a                  __U2TXInterrupt
                  0x0003c6                  __U2RXInterrupt
                  0x00042c                  __U2ErrInterrupt
 .isr.text        0x000442         0x36 build/default/production/mcc_generated_files/tmr1.o
                  0x000442                  __T1Interrupt
 .isr.text        0x000478         0x36 build/default/production/mcc_generated_files/tmr2.o
                  0x000478                  __T2Interrupt
 .isr.text        0x0004ae         0x30 build/default/production/mcc_generated_files/adc1.o
                  0x0004ae                  __ADC1Interrupt
 .isr.text        0x0004de        0x250 build/default/production/mcc_generated_files/i2c1.o
                  0x0004de                  __MI2C1Interrupt
 .isr.text        0x00072e         0x36 build/default/production/mcc_generated_files/tmr3.o
                  0x00072e                  __T3Interrupt
 .isr             0x000764          0x4 default_isr
                  0x000764                  __DefaultInterrupt
 *(.libc)
 *(.libm)
 *(.libdsp)
 *(.lib*)
 .libpic30_crt_start_mode
                  0x000768          0x2 c:/program files/microchip/xc16/v2.10/bin/bin/../../lib\libc99-pic30-elf.a(crt_start_mode_normal.Meo)
                  0x000768                  __crt_start_mode
                  0x000768                  __crt_start_mode_normal
 .libm.eqsf2      0x00076a          0x4 c:/program files/microchip/xc16/v2.10/bin/bin/../../lib\libc99-pic30-elf.a(feqltle.XX_o)
                  0x00076a                  ___eqsf2
                  0x00076a                  ___ltsf2
                  0x00076a                  ___lesf2
 .libm.gtsf2      0x00076e          0x4 c:/program files/microchip/xc16/v2.10/bin/bin/../../lib\libc99-pic30-elf.a(fgtge.XX_o)
                  0x00076e                  ___gesf2
                  0x00076e                  ___gtsf2
 .libm.fixsfsi    0x000772         0x42 c:/program files/microchip/xc16/v2.10/bin/bin/../../lib\libc99-pic30-elf.a(fixsfsi.XX_o)
                  0x000772                  _(float, int, long long, short, float, short, int)
 .libm.fixunssfsi
                  0x0007b4         0x36 c:/program files/microchip/xc16/v2.10/bin/bin/../../lib\libc99-pic30-elf.a(fixunssfsi.XX_o)
                  0x0007b4                  ___fixunssfsi
 .libm.floatsisf
                  0x0007ea          0x6 c:/program files/microchip/xc16/v2.10/bin/bin/../../lib\libc99-pic30-elf.a(floatsisf.XX_o)
                  0x0007ea                  ___floatsisf
 .libm.floatunsisf
                  0x0007f0          0x4 c:/program files/microchip/xc16/v2.10/bin/bin/../../lib\libc99-pic30-elf.a(floatunsisf.XX_o)
                  0x0007f0                  ___floatunsisf
 .libm.funpack    0x0007f4         0x2a c:/program files/microchip/xc16/v2.10/bin/bin/../../lib\libc99-pic30-elf.a(funpack.XX_o)
                  0x0007f4                  __funpack
 .libm.udivsi3    0x00081e         0x20 c:/program files/microchip/xc16/v2.10/bin/bin/../../lib\libc99-pic30-elf.a(udivsi3.XX_o)
                  0x00081e                  ___udivsi3
 .libm.umodsi3    0x00083e          0x6 c:/program files/microchip/xc16/v2.10/bin/bin/../../lib\libc99-pic30-elf.a(umodsi3.XX_o)
                  0x00083e                  ___umodsi3
 .libmx           0x000844        0x1dc c:/program files/microchip/xc16/v2.10/bin/bin/../../lib\libc99-pic30-elf.a(addsf3x.XX_o)
                  0x000844                  ___subsf3x
                  0x000844                  ___subsf3
                  0x000856                  ___addsf3x
                  0x000856                  ___addsf3
 .libmx           0x000a20        0x1be c:/program files/microchip/xc16/v2.10/bin/bin/../../lib\libc99-pic30-elf.a(divsf3x.XX_o)
                  0x000a20                  ___divsf3x
                  0x000a20                  ___divsf3
                  0x000bb2                  __sdivf
 .libmx           0x000bde        0x10c c:/program files/microchip/xc16/v2.10/bin/bin/../../lib\libc99-pic30-elf.a(mulsf3x.XX_o)
                  0x000bde                  ___mulsf3x
                  0x000bde                  ___mulsf3
 .libmx           0x000cea         0x54 c:/program files/microchip/xc16/v2.10/bin/bin/../../lib\libc99-pic30-elf.a(dnrmpackfx.XX_o)
                  0x000cea                  __dnrmpackf
 .libmx           0x000d3e         0x5e c:/program files/microchip/xc16/v2.10/bin/bin/../../lib\libc99-pic30-elf.a(unpackdnrmfx.XX_o)
                  0x000d3e                  __unpackdnrmf
 .libmx           0x000d9c         0x34 c:/program files/microchip/xc16/v2.10/bin/bin/../../lib\libc99-pic30-elf.a(typefx.XX_o)
                  0x000d9c                  __typef
 .libmx           0x000dd0         0x12 c:/program files/microchip/xc16/v2.10/bin/bin/../../lib\libc99-pic30-elf.a(propnanfx.XX_o)
                  0x000dd0                  __propnanf
 .libmx           0x000de2         0xa6 c:/program files/microchip/xc16/v2.10/bin/bin/../../lib\libc99-pic30-elf.a(spackfx.XX_o)
                  0x000de2                  __spackf
 .libmx           0x000e88         0x66 c:/program files/microchip/xc16/v2.10/bin/bin/../../lib\libc99-pic30-elf.a(unpackfx.XX_o)
                  0x000e88                  __unpackf
 .libm.fcompare
                  0x000eee         0x36 c:/program files/microchip/xc16/v2.10/bin/bin/../../lib\libc99-pic30-elf.a(fcompare.XX_o)
                  0x000eee                  __fcompare
 .libm.floatdisf
                  0x000f24         0x20 c:/program files/microchip/xc16/v2.10/bin/bin/../../lib\libc99-pic30-elf.a(floatdisf.XX_o)
                  0x000f24                  ___floatdisf
 .libm.floatundisf
                  0x000f44         0x5e c:/program files/microchip/xc16/v2.10/bin/bin/../../lib\libc99-pic30-elf.a(floatundisf.XX_o)
                  0x000f44                  ___floatundisf
 .libm.fpack      0x000fa2         0x4c c:/program files/microchip/xc16/v2.10/bin/bin/../../lib\libc99-pic30-elf.a(fpack.XX_o)
                  0x000fa2                  __fpack
 .libm.funpack2
                  0x000fee         0x10 c:/program files/microchip/xc16/v2.10/bin/bin/../../lib\libc99-pic30-elf.a(funpack2.XX_o)
                  0x000fee                  __funpack2
 .libc.strlen     0x000ffe         0x30 c:/program files/microchip/xc16/v2.10/bin/bin/../../lib\libc99-elf.a(strlen.XX_o)
                  0x000ffe                  _strlen

usercode
 *(usercode)

__CONFIG2
 *(__CONFIG2.sec*)

__CONFIG1
 *(__CONFIG1.sec*)

.comment
 *(.comment)

.debug_info       0x000000       0x9fde
 *(.debug_info)
 .debug_info      0x000000        0xa04 build/default/production/mcc_generated_files/system.o
 .debug_info      0x000a04        0x253 build/default/production/mcc_generated_files/clock.o
 .debug_info      0x000c57        0x3cd build/default/production/mcc_generated_files/traps.o
 .debug_info      0x001024        0xdaf build/default/production/mcc_generated_files/interrupt_manager.o
 .debug_info      0x001dd3       0x100f build/default/production/mcc_generated_files/uart2.o
 .debug_info      0x002de2        0x4a8 build/default/production/mcc_generated_files/pin_manager.o
 .debug_info      0x00328a        0x87f build/default/production/mcc_generated_files/tmr1.o
 .debug_info      0x003b09        0x868 build/default/production/mcc_generated_files/tmr2.o
 .debug_info      0x004371        0xc64 build/default/production/mcc_generated_files/adc1.o
 .debug_info      0x004fd5       0x1011 build/default/production/mcc_generated_files/i2c1.o
 .debug_info      0x005fe6        0x856 build/default/production/mcc_generated_files/tmr3.o
 .debug_info      0x00683c        0xaf1 build/default/production/main.o
 .debug_info      0x00732d        0xbb8 build/default/production/NEMS.o
 .debug_info      0x007ee5        0x2fe build/default/production/common.o
 .debug_info      0x0081e3        0x6e9 build/default/production/eeprom.o
 .debug_info      0x0088cc        0x421 build/default/production/dac.o
 .debug_info      0x008ced        0x59f build/default/production/imu.o
 .debug_info      0x00928c         0x8d c:/program files/microchip/xc16/v2.10/bin/bin/../../lib\libc99-pic30-elf.a(feqltle.XX_o)
 .debug_info      0x009319         0x8b c:/program files/microchip/xc16/v2.10/bin/bin/../../lib\libc99-pic30-elf.a(fgtge.XX_o)
 .debug_info      0x0093a4         0x8d c:/program files/microchip/xc16/v2.10/bin/bin/../../lib\libc99-pic30-elf.a(fixsfsi.XX_o)
 .debug_info      0x009431         0x90 c:/program files/microchip/xc16/v2.10/bin/bin/../../lib\libc99-pic30-elf.a(fixunssfsi.XX_o)
 .debug_info      0x0094c1         0x8f c:/program files/microchip/xc16/v2.10/bin/bin/../../lib\libc99-pic30-elf.a(floatsisf.XX_o)
 .debug_info      0x009550         0x91 c:/program files/microchip/xc16/v2.10/bin/bin/../../lib\libc99-pic30-elf.a(floatunsisf.XX_o)
 .debug_info      0x0095e1         0x8d c:/program files/microchip/xc16/v2.10/bin/bin/../../lib\libc99-pic30-elf.a(funpack.XX_o)
 .debug_info      0x00966e         0x8d c:/program files/microchip/xc16/v2.10/bin/bin/../../lib\libc99-pic30-elf.a(udivsi3.XX_o)
 .debug_info      0x0096fb         0x8d c:/program files/microchip/xc16/v2.10/bin/bin/../../lib\libc99-pic30-elf.a(umodsi3.XX_o)
 .debug_info      0x009788         0x9d c:/program files/microchip/xc16/v2.10/bin/bin/../../lib\libc99-pic30-elf.a(addsf3x.XX_o)
 .debug_info      0x009825         0x9d c:/program files/microchip/xc16/v2.10/bin/bin/../../lib\libc99-pic30-elf.a(divsf3x.XX_o)
 .debug_info      0x0098c2         0x9d c:/program files/microchip/xc16/v2.10/bin/bin/../../lib\libc99-pic30-elf.a(mulsf3x.XX_o)
 .debug_info      0x00995f         0xa0 c:/program files/microchip/xc16/v2.10/bin/bin/../../lib\libc99-pic30-elf.a(dnrmpackfx.XX_o)
 .debug_info      0x0099ff         0xa2 c:/program files/microchip/xc16/v2.10/bin/bin/../../lib\libc99-pic30-elf.a(unpackdnrmfx.XX_o)
 .debug_info      0x009aa1         0x9c c:/program files/microchip/xc16/v2.10/bin/bin/../../lib\libc99-pic30-elf.a(typefx.XX_o)
 .debug_info      0x009b3d         0x9f c:/program files/microchip/xc16/v2.10/bin/bin/../../lib\libc99-pic30-elf.a(propnanfx.XX_o)
 .debug_info      0x009bdc         0x9d c:/program files/microchip/xc16/v2.10/bin/bin/../../lib\libc99-pic30-elf.a(spackfx.XX_o)
 .debug_info      0x009c79         0x9e c:/program files/microchip/xc16/v2.10/bin/bin/../../lib\libc99-pic30-elf.a(unpackfx.XX_o)
 .debug_info      0x009d17         0x8e c:/program files/microchip/xc16/v2.10/bin/bin/../../lib\libc99-pic30-elf.a(fcompare.XX_o)
 .debug_info      0x009da5         0x8f c:/program files/microchip/xc16/v2.10/bin/bin/../../lib\libc99-pic30-elf.a(floatdisf.XX_o)
 .debug_info      0x009e34         0x91 c:/program files/microchip/xc16/v2.10/bin/bin/../../lib\libc99-pic30-elf.a(floatundisf.XX_o)
 .debug_info      0x009ec5         0x8b c:/program files/microchip/xc16/v2.10/bin/bin/../../lib\libc99-pic30-elf.a(fpack.XX_o)
 .debug_info      0x009f50         0x8e c:/program files/microchip/xc16/v2.10/bin/bin/../../lib\libc99-pic30-elf.a(funpack2.XX_o)
 *(.gnu.linkonce.wi.*)

.debug_abbrev     0x000000       0x1672
 *(.debug_abbrev)
 .debug_abbrev    0x000000         0xe9 build/default/production/mcc_generated_files/system.o
 .debug_abbrev    0x0000e9         0x59 build/default/production/mcc_generated_files/clock.o
 .debug_abbrev    0x000142        0x100 build/default/production/mcc_generated_files/traps.o
 .debug_abbrev    0x000242         0xb4 build/default/production/mcc_generated_files/interrupt_manager.o
 .debug_abbrev    0x0002f6          0x1 build/default/production/mcc_generated_files/mcc.o
 .debug_abbrev    0x0002f7        0x240 build/default/production/mcc_generated_files/uart2.o
 .debug_abbrev    0x000537         0x6a build/default/production/mcc_generated_files/pin_manager.o
 .debug_abbrev    0x0005a1        0x1a2 build/default/production/mcc_generated_files/tmr1.o
 .debug_abbrev    0x000743        0x1a2 build/default/production/mcc_generated_files/tmr2.o
 .debug_abbrev    0x0008e5        0x168 build/default/production/mcc_generated_files/adc1.o
 .debug_abbrev    0x000a4d        0x221 build/default/production/mcc_generated_files/i2c1.o
 .debug_abbrev    0x000c6e        0x1a2 build/default/production/mcc_generated_files/tmr3.o
 .debug_abbrev    0x000e10        0x15d build/default/production/main.o
 .debug_abbrev    0x000f6d        0x1db build/default/production/NEMS.o
 .debug_abbrev    0x001148         0x6a build/default/production/common.o
 .debug_abbrev    0x0011b2        0x147 build/default/production/eeprom.o
 .debug_abbrev    0x0012f9         0xf4 build/default/production/dac.o
 .debug_abbrev    0x0013ed         0xb9 build/default/production/imu.o
 .debug_abbrev    0x0014a6         0x14 c:/program files/microchip/xc16/v2.10/bin/bin/../../lib\libc99-pic30-elf.a(feqltle.XX_o)
 .debug_abbrev    0x0014ba         0x14 c:/program files/microchip/xc16/v2.10/bin/bin/../../lib\libc99-pic30-elf.a(fgtge.XX_o)
 .debug_abbrev    0x0014ce         0x14 c:/program files/microchip/xc16/v2.10/bin/bin/../../lib\libc99-pic30-elf.a(fixsfsi.XX_o)
 .debug_abbrev    0x0014e2         0x14 c:/program files/microchip/xc16/v2.10/bin/bin/../../lib\libc99-pic30-elf.a(fixunssfsi.XX_o)
 .debug_abbrev    0x0014f6         0x14 c:/program files/microchip/xc16/v2.10/bin/bin/../../lib\libc99-pic30-elf.a(floatsisf.XX_o)
 .debug_abbrev    0x00150a         0x14 c:/program files/microchip/xc16/v2.10/bin/bin/../../lib\libc99-pic30-elf.a(floatunsisf.XX_o)
 .debug_abbrev    0x00151e         0x14 c:/program files/microchip/xc16/v2.10/bin/bin/../../lib\libc99-pic30-elf.a(funpack.XX_o)
 .debug_abbrev    0x001532         0x14 c:/program files/microchip/xc16/v2.10/bin/bin/../../lib\libc99-pic30-elf.a(udivsi3.XX_o)
 .debug_abbrev    0x001546         0x14 c:/program files/microchip/xc16/v2.10/bin/bin/../../lib\libc99-pic30-elf.a(umodsi3.XX_o)
 .debug_abbrev    0x00155a         0x14 c:/program files/microchip/xc16/v2.10/bin/bin/../../lib\libc99-pic30-elf.a(addsf3x.XX_o)
 .debug_abbrev    0x00156e         0x14 c:/program files/microchip/xc16/v2.10/bin/bin/../../lib\libc99-pic30-elf.a(divsf3x.XX_o)
 .debug_abbrev    0x001582         0x14 c:/program files/microchip/xc16/v2.10/bin/bin/../../lib\libc99-pic30-elf.a(mulsf3x.XX_o)
 .debug_abbrev    0x001596         0x14 c:/program files/microchip/xc16/v2.10/bin/bin/../../lib\libc99-pic30-elf.a(dnrmpackfx.XX_o)
 .debug_abbrev    0x0015aa         0x14 c:/program files/microchip/xc16/v2.10/bin/bin/../../lib\libc99-pic30-elf.a(unpackdnrmfx.XX_o)
 .debug_abbrev    0x0015be         0x14 c:/program files/microchip/xc16/v2.10/bin/bin/../../lib\libc99-pic30-elf.a(typefx.XX_o)
 .debug_abbrev    0x0015d2         0x14 c:/program files/microchip/xc16/v2.10/bin/bin/../../lib\libc99-pic30-elf.a(propnanfx.XX_o)
 .debug_abbrev    0x0015e6         0x14 c:/program files/microchip/xc16/v2.10/bin/bin/../../lib\libc99-pic30-elf.a(spackfx.XX_o)
 .debug_abbrev    0x0015fa         0x14 c:/program files/microchip/xc16/v2.10/bin/bin/../../lib\libc99-pic30-elf.a(unpackfx.XX_o)
 .debug_abbrev    0x00160e         0x14 c:/program files/microchip/xc16/v2.10/bin/bin/../../lib\libc99-pic30-elf.a(fcompare.XX_o)
 .debug_abbrev    0x001622         0x14 c:/program files/microchip/xc16/v2.10/bin/bin/../../lib\libc99-pic30-elf.a(floatdisf.XX_o)
 .debug_abbrev    0x001636         0x14 c:/program files/microchip/xc16/v2.10/bin/bin/../../lib\libc99-pic30-elf.a(floatundisf.XX_o)
 .debug_abbrev    0x00164a         0x14 c:/program files/microchip/xc16/v2.10/bin/bin/../../lib\libc99-pic30-elf.a(fpack.XX_o)
 .debug_abbrev    0x00165e         0x14 c:/program files/microchip/xc16/v2.10/bin/bin/../../lib\libc99-pic30-elf.a(funpack2.XX_o)

.debug_line       0x000000       0x1ff1
 *(.debug_line)
 .debug_line      0x000000        0x123 build/default/production/mcc_generated_files/system.o
 .debug_line      0x000123        0x11f build/default/production/mcc_generated_files/clock.o
 .debug_line      0x000242        0x14b build/default/production/mcc_generated_files/traps.o
 .debug_line      0x00038d        0x12d build/default/production/mcc_generated_files/interrupt_manager.o
 .debug_line      0x0004ba         0x1a build/default/production/mcc_generated_files/mcc.o
 .debug_line      0x0004d4        0x207 build/default/production/mcc_generated_files/uart2.o
 .debug_line      0x0006db        0x136 build/default/production/mcc_generated_files/pin_manager.o
 .debug_line      0x000811        0x162 build/default/production/mcc_generated_files/tmr1.o
 .debug_line      0x000973        0x162 build/default/production/mcc_generated_files/tmr2.o
 .debug_line      0x000ad5        0x171 build/default/production/mcc_generated_files/adc1.o
 .debug_line      0x000c46        0x203 build/default/production/mcc_generated_files/i2c1.o
 .debug_line      0x000e49        0x162 build/default/production/mcc_generated_files/tmr3.o
 .debug_line      0x000fab        0x158 build/default/production/main.o
 .debug_line      0x001103        0x193 build/default/production/NEMS.o
 .debug_line      0x001296         0xa6 build/default/production/common.o
 .debug_line      0x00133c         0xfe build/default/production/eeprom.o
 .debug_line      0x00143a         0xd9 build/default/production/dac.o
 .debug_line      0x001513        0x103 build/default/production/imu.o
 .debug_line      0x001616         0x37 c:/program files/microchip/xc16/v2.10/bin/bin/../../lib\libc99-pic30-elf.a(feqltle.XX_o)
 .debug_line      0x00164d         0x35 c:/program files/microchip/xc16/v2.10/bin/bin/../../lib\libc99-pic30-elf.a(fgtge.XX_o)
 .debug_line      0x001682         0x56 c:/program files/microchip/xc16/v2.10/bin/bin/../../lib\libc99-pic30-elf.a(fixsfsi.XX_o)
 .debug_line      0x0016d8         0x53 c:/program files/microchip/xc16/v2.10/bin/bin/../../lib\libc99-pic30-elf.a(fixunssfsi.XX_o)
 .debug_line      0x00172b         0x3a c:/program files/microchip/xc16/v2.10/bin/bin/../../lib\libc99-pic30-elf.a(floatsisf.XX_o)
 .debug_line      0x001765         0x3b c:/program files/microchip/xc16/v2.10/bin/bin/../../lib\libc99-pic30-elf.a(floatunsisf.XX_o)
 .debug_line      0x0017a0         0x4a c:/program files/microchip/xc16/v2.10/bin/bin/../../lib\libc99-pic30-elf.a(funpack.XX_o)
 .debug_line      0x0017ea         0x45 c:/program files/microchip/xc16/v2.10/bin/bin/../../lib\libc99-pic30-elf.a(udivsi3.XX_o)
 .debug_line      0x00182f         0x38 c:/program files/microchip/xc16/v2.10/bin/bin/../../lib\libc99-pic30-elf.a(umodsi3.XX_o)
 .debug_line      0x001867        0x136 c:/program files/microchip/xc16/v2.10/bin/bin/../../lib\libc99-pic30-elf.a(addsf3x.XX_o)
 .debug_line      0x00199d        0x124 c:/program files/microchip/xc16/v2.10/bin/bin/../../lib\libc99-pic30-elf.a(divsf3x.XX_o)
 .debug_line      0x001ac1         0xcc c:/program files/microchip/xc16/v2.10/bin/bin/../../lib\libc99-pic30-elf.a(mulsf3x.XX_o)
 .debug_line      0x001b8d         0x72 c:/program files/microchip/xc16/v2.10/bin/bin/../../lib\libc99-pic30-elf.a(dnrmpackfx.XX_o)
 .debug_line      0x001bff         0x7a c:/program files/microchip/xc16/v2.10/bin/bin/../../lib\libc99-pic30-elf.a(unpackdnrmfx.XX_o)
 .debug_line      0x001c79         0x5e c:/program files/microchip/xc16/v2.10/bin/bin/../../lib\libc99-pic30-elf.a(typefx.XX_o)
 .debug_line      0x001cd7         0x51 c:/program files/microchip/xc16/v2.10/bin/bin/../../lib\libc99-pic30-elf.a(propnanfx.XX_o)
 .debug_line      0x001d28         0x98 c:/program files/microchip/xc16/v2.10/bin/bin/../../lib\libc99-pic30-elf.a(spackfx.XX_o)
 .debug_line      0x001dc0         0x79 c:/program files/microchip/xc16/v2.10/bin/bin/../../lib\libc99-pic30-elf.a(unpackfx.XX_o)
 .debug_line      0x001e39         0x1a c:/program files/microchip/xc16/v2.10/bin/bin/../../lib\libc99-pic30-elf.a(errno.XX_o)
 .debug_line      0x001e53         0x53 c:/program files/microchip/xc16/v2.10/bin/bin/../../lib\libc99-pic30-elf.a(fcompare.XX_o)
 .debug_line      0x001ea6         0x47 c:/program files/microchip/xc16/v2.10/bin/bin/../../lib\libc99-pic30-elf.a(floatdisf.XX_o)
 .debug_line      0x001eed         0x6c c:/program files/microchip/xc16/v2.10/bin/bin/../../lib\libc99-pic30-elf.a(floatundisf.XX_o)
 .debug_line      0x001f59         0x5a c:/program files/microchip/xc16/v2.10/bin/bin/../../lib\libc99-pic30-elf.a(fpack.XX_o)
 .debug_line      0x001fb3         0x3e c:/program files/microchip/xc16/v2.10/bin/bin/../../lib\libc99-pic30-elf.a(funpack2.XX_o)

.debug_frame      0x000000       0x101a
 *(.debug_frame)
 .debug_frame     0x000000         0x2e build/default/production/mcc_generated_files/system.o
 .debug_frame     0x00002e         0x2e build/default/production/mcc_generated_files/clock.o
 .debug_frame     0x00005c        0x140 build/default/production/mcc_generated_files/traps.o
 .debug_frame     0x00019c         0x2e build/default/production/mcc_generated_files/interrupt_manager.o
 .debug_frame     0x0001ca        0x30a build/default/production/mcc_generated_files/uart2.o
 .debug_frame     0x0004d4         0x2e build/default/production/mcc_generated_files/pin_manager.o
 .debug_frame     0x000502        0x18a build/default/production/mcc_generated_files/tmr1.o
 .debug_frame     0x00068c        0x18a build/default/production/mcc_generated_files/tmr2.o
 .debug_frame     0x000816         0xda build/default/production/mcc_generated_files/adc1.o
 .debug_frame     0x0008f0        0x170 build/default/production/mcc_generated_files/i2c1.o
 .debug_frame     0x000a60        0x18a build/default/production/mcc_generated_files/tmr3.o
 .debug_frame     0x000bea         0x7c build/default/production/main.o
 .debug_frame     0x000c66        0x13a build/default/production/NEMS.o
 .debug_frame     0x000da0         0x9e build/default/production/common.o
 .debug_frame     0x000e3e         0xb0 build/default/production/eeprom.o
 .debug_frame     0x000eee         0x62 build/default/production/dac.o
 .debug_frame     0x000f50         0xca build/default/production/imu.o

.debug_str        0x000000        0x3a9
 *(.debug_str)
 .debug_str       0x000000         0x47 build/default/production/mcc_generated_files/system.o
 .debug_str       0x000047          0xc build/default/production/mcc_generated_files/traps.o
 .debug_str       0x000053         0x40 build/default/production/mcc_generated_files/interrupt_manager.o
 .debug_str       0x000093         0xac build/default/production/mcc_generated_files/uart2.o
 .debug_str       0x00013f         0x32 build/default/production/mcc_generated_files/tmr1.o
 .debug_str       0x000171         0x32 build/default/production/mcc_generated_files/tmr2.o
 .debug_str       0x0001a3         0x55 build/default/production/mcc_generated_files/adc1.o
 .debug_str       0x0001f8         0x53 build/default/production/mcc_generated_files/i2c1.o
 .debug_str       0x00024b         0x32 build/default/production/mcc_generated_files/tmr3.o
 .debug_str       0x00027d         0x52 build/default/production/main.o
 .debug_str       0x0002cf         0x5b build/default/production/NEMS.o
 .debug_str       0x00032a         0x35 build/default/production/eeprom.o
 .debug_str       0x00035f          0xa build/default/production/dac.o
 .debug_str       0x000369         0x40 build/default/production/imu.o

.debug_loc
 *(.debug_loc)

.debug_macinfo
 *(.debug_macinfo)

.debug_pubnames
                  0x000000        0xbf8
 *(.debug_pubnames)
 .debug_pubnames
                  0x000000         0x28 build/default/production/mcc_generated_files/system.o
 .debug_pubnames
                  0x000028         0x27 build/default/production/mcc_generated_files/clock.o
 .debug_pubnames
                  0x00004f         0x6f build/default/production/mcc_generated_files/traps.o
 .debug_pubnames
                  0x0000be         0x2b build/default/production/mcc_generated_files/interrupt_manager.o
 .debug_pubnames
                  0x0000e9        0x284 build/default/production/mcc_generated_files/uart2.o
 .debug_pubnames
                  0x00036d         0x2d build/default/production/mcc_generated_files/pin_manager.o
 .debug_pubnames
                  0x00039a        0x156 build/default/production/mcc_generated_files/tmr1.o
 .debug_pubnames
                  0x0004f0        0x156 build/default/production/mcc_generated_files/tmr2.o
 .debug_pubnames
                  0x000646         0xa8 build/default/production/mcc_generated_files/adc1.o
 .debug_pubnames
                  0x0006ee        0x103 build/default/production/mcc_generated_files/i2c1.o
 .debug_pubnames
                  0x0007f1        0x156 build/default/production/mcc_generated_files/tmr3.o
 .debug_pubnames
                  0x000947         0x35 build/default/production/main.o
 .debug_pubnames
                  0x00097c         0x9d build/default/production/NEMS.o
 .debug_pubnames
                  0x000a19         0x57 build/default/production/common.o
 .debug_pubnames
                  0x000a70         0x90 build/default/production/eeprom.o
 .debug_pubnames
                  0x000b00         0x42 build/default/production/dac.o
 .debug_pubnames
                  0x000b42         0xb6 build/default/production/imu.o

.debug_ranges
 *(.debug_ranges)

.debug_aranges    0x000000        0x478
 *(.debug_aranges)
 .debug_aranges
                  0x000000         0x18 build/default/production/mcc_generated_files/system.o
 .debug_aranges
                  0x000018         0x18 build/default/production/mcc_generated_files/clock.o
 .debug_aranges
                  0x000030         0x18 build/default/production/mcc_generated_files/traps.o
 .debug_aranges
                  0x000048         0x18 build/default/production/mcc_generated_files/interrupt_manager.o
 .debug_aranges
                  0x000060         0x18 build/default/production/mcc_generated_files/uart2.o
 .debug_aranges
                  0x000078         0x18 build/default/production/mcc_generated_files/pin_manager.o
 .debug_aranges
                  0x000090         0x18 build/default/production/mcc_generated_files/tmr1.o
 .debug_aranges
                  0x0000a8         0x18 build/default/production/mcc_generated_files/tmr2.o
 .debug_aranges
                  0x0000c0         0x18 build/default/production/mcc_generated_files/adc1.o
 .debug_aranges
                  0x0000d8         0x18 build/default/production/mcc_generated_files/i2c1.o
 .debug_aranges
                  0x0000f0         0x18 build/default/production/mcc_generated_files/tmr3.o
 .debug_aranges
                  0x000108         0x18 build/default/production/main.o
 .debug_aranges
                  0x000120         0x18 build/default/production/NEMS.o
 .debug_aranges
                  0x000138         0x18 build/default/production/common.o
 .debug_aranges
                  0x000150         0x18 build/default/production/eeprom.o
 .debug_aranges
                  0x000168         0x18 build/default/production/dac.o
 .debug_aranges
                  0x000180         0x18 build/default/production/imu.o
 .debug_aranges
                  0x000198         0x20 c:/program files/microchip/xc16/v2.10/bin/bin/../../lib\libc99-pic30-elf.a(feqltle.XX_o)
 .debug_aranges
                  0x0001b8         0x20 c:/program files/microchip/xc16/v2.10/bin/bin/../../lib\libc99-pic30-elf.a(fgtge.XX_o)
 .debug_aranges
                  0x0001d8         0x20 c:/program files/microchip/xc16/v2.10/bin/bin/../../lib\libc99-pic30-elf.a(fixsfsi.XX_o)
 .debug_aranges
                  0x0001f8         0x20 c:/program files/microchip/xc16/v2.10/bin/bin/../../lib\libc99-pic30-elf.a(fixunssfsi.XX_o)
 .debug_aranges
                  0x000218         0x20 c:/program files/microchip/xc16/v2.10/bin/bin/../../lib\libc99-pic30-elf.a(floatsisf.XX_o)
 .debug_aranges
                  0x000238         0x20 c:/program files/microchip/xc16/v2.10/bin/bin/../../lib\libc99-pic30-elf.a(floatunsisf.XX_o)
 .debug_aranges
                  0x000258         0x20 c:/program files/microchip/xc16/v2.10/bin/bin/../../lib\libc99-pic30-elf.a(funpack.XX_o)
 .debug_aranges
                  0x000278         0x20 c:/program files/microchip/xc16/v2.10/bin/bin/../../lib\libc99-pic30-elf.a(udivsi3.XX_o)
 .debug_aranges
                  0x000298         0x20 c:/program files/microchip/xc16/v2.10/bin/bin/../../lib\libc99-pic30-elf.a(umodsi3.XX_o)
 .debug_aranges
                  0x0002b8         0x20 c:/program files/microchip/xc16/v2.10/bin/bin/../../lib\libc99-pic30-elf.a(addsf3x.XX_o)
 .debug_aranges
                  0x0002d8         0x20 c:/program files/microchip/xc16/v2.10/bin/bin/../../lib\libc99-pic30-elf.a(divsf3x.XX_o)
 .debug_aranges
                  0x0002f8         0x20 c:/program files/microchip/xc16/v2.10/bin/bin/../../lib\libc99-pic30-elf.a(mulsf3x.XX_o)
 .debug_aranges
                  0x000318         0x20 c:/program files/microchip/xc16/v2.10/bin/bin/../../lib\libc99-pic30-elf.a(dnrmpackfx.XX_o)
 .debug_aranges
                  0x000338         0x20 c:/program files/microchip/xc16/v2.10/bin/bin/../../lib\libc99-pic30-elf.a(unpackdnrmfx.XX_o)
 .debug_aranges
                  0x000358         0x20 c:/program files/microchip/xc16/v2.10/bin/bin/../../lib\libc99-pic30-elf.a(typefx.XX_o)
 .debug_aranges
                  0x000378         0x20 c:/program files/microchip/xc16/v2.10/bin/bin/../../lib\libc99-pic30-elf.a(propnanfx.XX_o)
 .debug_aranges
                  0x000398         0x20 c:/program files/microchip/xc16/v2.10/bin/bin/../../lib\libc99-pic30-elf.a(spackfx.XX_o)
 .debug_aranges
                  0x0003b8         0x20 c:/program files/microchip/xc16/v2.10/bin/bin/../../lib\libc99-pic30-elf.a(unpackfx.XX_o)
 .debug_aranges
                  0x0003d8         0x20 c:/program files/microchip/xc16/v2.10/bin/bin/../../lib\libc99-pic30-elf.a(fcompare.XX_o)
 .debug_aranges
                  0x0003f8         0x20 c:/program files/microchip/xc16/v2.10/bin/bin/../../lib\libc99-pic30-elf.a(floatdisf.XX_o)
 .debug_aranges
                  0x000418         0x20 c:/program files/microchip/xc16/v2.10/bin/bin/../../lib\libc99-pic30-elf.a(floatundisf.XX_o)
 .debug_aranges
                  0x000438         0x20 c:/program files/microchip/xc16/v2.10/bin/bin/../../lib\libc99-pic30-elf.a(fpack.XX_o)
 .debug_aranges
                  0x000458         0x20 c:/program files/microchip/xc16/v2.10/bin/bin/../../lib\libc99-pic30-elf.a(funpack2.XX_o)
                    0x0000                  WREG0 = 0x0
                    0x0000                  _WREG0 = 0x0
                    0x0002                  WREG1 = 0x2
                    0x0002                  _WREG1 = 0x2
                    0x0004                  WREG2 = 0x4
                    0x0004                  _WREG2 = 0x4
                    0x0006                  WREG3 = 0x6
                    0x0006                  _WREG3 = 0x6
                    0x0008                  WREG4 = 0x8
                    0x0008                  _WREG4 = 0x8
                    0x000a                  WREG5 = 0xa
                    0x000a                  _WREG5 = 0xa
                    0x000c                  WREG6 = 0xc
                    0x000c                  _WREG6 = 0xc
                    0x000e                  WREG7 = 0xe
                    0x000e                  _WREG7 = 0xe
                    0x0010                  WREG8 = 0x10
                    0x0010                  _WREG8 = 0x10
                    0x0012                  WREG9 = 0x12
                    0x0012                  _WREG9 = 0x12
                    0x0014                  WREG10 = 0x14
                    0x0014                  _WREG10 = 0x14
                    0x0016                  WREG11 = 0x16
                    0x0016                  _WREG11 = 0x16
                    0x0018                  WREG12 = 0x18
                    0x0018                  _WREG12 = 0x18
                    0x001a                  WREG13 = 0x1a
                    0x001a                  _WREG13 = 0x1a
                    0x001c                  WREG14 = 0x1c
                    0x001c                  _WREG14 = 0x1c
                    0x001e                  WREG15 = 0x1e
                    0x001e                  _WREG15 = 0x1e
                    0x0020                  SPLIM = 0x20
                    0x0020                  _SPLIM = 0x20
                    0x002e                  PCL = 0x2e
                    0x002e                  _PCL = 0x2e
                    0x0030                  PCH = 0x30
                    0x0030                  _PCH = 0x30
                    0x0032                  TBLPAG = 0x32
                    0x0032                  _TBLPAG = 0x32
                    0x0034                  PSVPAG = 0x34
                    0x0034                  _PSVPAG = 0x34
                    0x0036                  RCOUNT = 0x36
                    0x0036                  _RCOUNT = 0x36
                    0x0042                  SR = 0x42
                    0x0042                  _SR = 0x42
                    0x0042                  _SRbits = 0x42
                    0x0044                  CORCON = 0x44
                    0x0044                  _CORCON = 0x44
                    0x0044                  _CORCONbits = 0x44
                    0x0052                  DISICNT = 0x52
                    0x0052                  _DISICNT = 0x52
                    0x0060                  CNEN1 = 0x60
                    0x0060                  _CNEN1 = 0x60
                    0x0060                  _CNEN1bits = 0x60
                    0x0062                  CNEN2 = 0x62
                    0x0062                  _CNEN2 = 0x62
                    0x0062                  _CNEN2bits = 0x62
                    0x0068                  CNPU1 = 0x68
                    0x0068                  _CNPU1 = 0x68
                    0x0068                  _CNPU1bits = 0x68
                    0x006a                  CNPU2 = 0x6a
                    0x006a                  _CNPU2 = 0x6a
                    0x006a                  _CNPU2bits = 0x6a
                    0x0080                  INTCON1 = 0x80
                    0x0080                  _INTCON1 = 0x80
                    0x0080                  _INTCON1bits = 0x80
                    0x0082                  INTCON2 = 0x82
                    0x0082                  _INTCON2 = 0x82
                    0x0082                  _INTCON2bits = 0x82
                    0x0084                  IFS0 = 0x84
                    0x0084                  _IFS0 = 0x84
                    0x0084                  _IFS0bits = 0x84
                    0x0086                  IFS1 = 0x86
                    0x0086                  _IFS1 = 0x86
                    0x0086                  _IFS1bits = 0x86
                    0x0088                  IFS2 = 0x88
                    0x0088                  _IFS2 = 0x88
                    0x0088                  _IFS2bits = 0x88
                    0x008a                  IFS3 = 0x8a
                    0x008a                  _IFS3 = 0x8a
                    0x008a                  _IFS3bits = 0x8a
                    0x008c                  IFS4 = 0x8c
                    0x008c                  _IFS4 = 0x8c
                    0x008c                  _IFS4bits = 0x8c
                    0x0094                  IEC0 = 0x94
                    0x0094                  _IEC0 = 0x94
                    0x0094                  _IEC0bits = 0x94
                    0x0096                  IEC1 = 0x96
                    0x0096                  _IEC1 = 0x96
                    0x0096                  _IEC1bits = 0x96
                    0x0098                  IEC2 = 0x98
                    0x0098                  _IEC2 = 0x98
                    0x0098                  _IEC2bits = 0x98
                    0x009a                  IEC3 = 0x9a
                    0x009a                  _IEC3 = 0x9a
                    0x009a                  _IEC3bits = 0x9a
                    0x009c                  IEC4 = 0x9c
                    0x009c                  _IEC4 = 0x9c
                    0x009c                  _IEC4bits = 0x9c
                    0x00a4                  IPC0 = 0xa4
                    0x00a4                  _IPC0 = 0xa4
                    0x00a4                  _IPC0bits = 0xa4
                    0x00a6                  IPC1 = 0xa6
                    0x00a6                  _IPC1 = 0xa6
                    0x00a6                  _IPC1bits = 0xa6
                    0x00a8                  IPC2 = 0xa8
                    0x00a8                  _IPC2 = 0xa8
                    0x00a8                  _IPC2bits = 0xa8
                    0x00aa                  IPC3 = 0xaa
                    0x00aa                  _IPC3 = 0xaa
                    0x00aa                  _IPC3bits = 0xaa
                    0x00ac                  IPC4 = 0xac
                    0x00ac                  _IPC4 = 0xac
                    0x00ac                  _IPC4bits = 0xac
                    0x00ae                  IPC5 = 0xae
                    0x00ae                  _IPC5 = 0xae
                    0x00ae                  _IPC5bits = 0xae
                    0x00b0                  IPC6 = 0xb0
                    0x00b0                  _IPC6 = 0xb0
                    0x00b0                  _IPC6bits = 0xb0
                    0x00b2                  IPC7 = 0xb2
                    0x00b2                  _IPC7 = 0xb2
                    0x00b2                  _IPC7bits = 0xb2
                    0x00b4                  IPC8 = 0xb4
                    0x00b4                  _IPC8 = 0xb4
                    0x00b4                  _IPC8bits = 0xb4
                    0x00b6                  IPC9 = 0xb6
                    0x00b6                  _IPC9 = 0xb6
                    0x00b6                  _IPC9bits = 0xb6
                    0x00b8                  IPC10 = 0xb8
                    0x00b8                  _IPC10 = 0xb8
                    0x00b8                  _IPC10bits = 0xb8
                    0x00ba                  IPC11 = 0xba
                    0x00ba                  _IPC11 = 0xba
                    0x00ba                  _IPC11bits = 0xba
                    0x00bc                  IPC12 = 0xbc
                    0x00bc                  _IPC12 = 0xbc
                    0x00bc                  _IPC12bits = 0xbc
                    0x00be                  IPC13 = 0xbe
                    0x00be                  _IPC13 = 0xbe
                    0x00be                  _IPC13bits = 0xbe
                    0x00c2                  IPC15 = 0xc2
                    0x00c2                  _IPC15 = 0xc2
                    0x00c2                  _IPC15bits = 0xc2
                    0x00c4                  IPC16 = 0xc4
                    0x00c4                  _IPC16 = 0xc4
                    0x00c4                  _IPC16bits = 0xc4
                    0x00e0                  INTTREG = 0xe0
                    0x00e0                  _INTTREG = 0xe0
                    0x00e0                  _INTTREGbits = 0xe0
                    0x0100                  TMR1 = 0x100
                    0x0100                  _TMR1 = 0x100
                    0x0102                  PR1 = 0x102
                    0x0102                  _PR1 = 0x102
                    0x0104                  T1CON = 0x104
                    0x0104                  _T1CON = 0x104
                    0x0104                  _T1CONbits = 0x104
                    0x0106                  TMR2 = 0x106
                    0x0106                  _TMR2 = 0x106
                    0x0108                  TMR3HLD = 0x108
                    0x0108                  _TMR3HLD = 0x108
                    0x010a                  TMR3 = 0x10a
                    0x010a                  _TMR3 = 0x10a
                    0x010c                  PR2 = 0x10c
                    0x010c                  _PR2 = 0x10c
                    0x010e                  PR3 = 0x10e
                    0x010e                  _PR3 = 0x10e
                    0x0110                  T2CON = 0x110
                    0x0110                  _T2CON = 0x110
                    0x0110                  _T2CONbits = 0x110
                    0x0112                  T3CON = 0x112
                    0x0112                  _T3CON = 0x112
                    0x0112                  _T3CONbits = 0x112
                    0x0114                  TMR4 = 0x114
                    0x0114                  _TMR4 = 0x114
                    0x0116                  TMR5HLD = 0x116
                    0x0116                  _TMR5HLD = 0x116
                    0x0118                  TMR5 = 0x118
                    0x0118                  _TMR5 = 0x118
                    0x011a                  PR4 = 0x11a
                    0x011a                  _PR4 = 0x11a
                    0x011c                  PR5 = 0x11c
                    0x011c                  _PR5 = 0x11c
                    0x011e                  T4CON = 0x11e
                    0x011e                  _T4CON = 0x11e
                    0x011e                  _T4CONbits = 0x11e
                    0x0120                  T5CON = 0x120
                    0x0120                  _T5CON = 0x120
                    0x0120                  _T5CONbits = 0x120
                    0x0140                  IC1BUF = 0x140
                    0x0140                  _IC1BUF = 0x140
                    0x0142                  IC1CON = 0x142
                    0x0142                  _IC1CON = 0x142
                    0x0142                  _IC1CONbits = 0x142
                    0x0144                  IC2BUF = 0x144
                    0x0144                  _IC2BUF = 0x144
                    0x0146                  IC2CON = 0x146
                    0x0146                  _IC2CON = 0x146
                    0x0146                  _IC2CONbits = 0x146
                    0x0148                  IC3BUF = 0x148
                    0x0148                  _IC3BUF = 0x148
                    0x014a                  IC3CON = 0x14a
                    0x014a                  _IC3CON = 0x14a
                    0x014a                  _IC3CONbits = 0x14a
                    0x014c                  IC4BUF = 0x14c
                    0x014c                  _IC4BUF = 0x14c
                    0x014e                  IC4CON = 0x14e
                    0x014e                  _IC4CON = 0x14e
                    0x014e                  _IC4CONbits = 0x14e
                    0x0150                  IC5BUF = 0x150
                    0x0150                  _IC5BUF = 0x150
                    0x0152                  IC5CON = 0x152
                    0x0152                  _IC5CON = 0x152
                    0x0152                  _IC5CONbits = 0x152
                    0x0180                  OC1RS = 0x180
                    0x0180                  _OC1RS = 0x180
                    0x0182                  OC1R = 0x182
                    0x0182                  _OC1R = 0x182
                    0x0184                  OC1CON = 0x184
                    0x0184                  _OC1CON = 0x184
                    0x0184                  _OC1CONbits = 0x184
                    0x0186                  OC2RS = 0x186
                    0x0186                  _OC2RS = 0x186
                    0x0188                  OC2R = 0x188
                    0x0188                  _OC2R = 0x188
                    0x018a                  OC2CON = 0x18a
                    0x018a                  _OC2CON = 0x18a
                    0x018a                  _OC2CONbits = 0x18a
                    0x018c                  OC3RS = 0x18c
                    0x018c                  _OC3RS = 0x18c
                    0x018e                  OC3R = 0x18e
                    0x018e                  _OC3R = 0x18e
                    0x0190                  OC3CON = 0x190
                    0x0190                  _OC3CON = 0x190
                    0x0190                  _OC3CONbits = 0x190
                    0x0192                  OC4RS = 0x192
                    0x0192                  _OC4RS = 0x192
                    0x0194                  OC4R = 0x194
                    0x0194                  _OC4R = 0x194
                    0x0196                  OC4CON = 0x196
                    0x0196                  _OC4CON = 0x196
                    0x0196                  _OC4CONbits = 0x196
                    0x0198                  OC5RS = 0x198
                    0x0198                  _OC5RS = 0x198
                    0x019a                  OC5R = 0x19a
                    0x019a                  _OC5R = 0x19a
                    0x019c                  OC5CON = 0x19c
                    0x019c                  _OC5CON = 0x19c
                    0x019c                  _OC5CONbits = 0x19c
                    0x0200                  I2C1RCV = 0x200
                    0x0200                  _I2C1RCV = 0x200
                    0x0202                  I2C1TRN = 0x202
                    0x0202                  _I2C1TRN = 0x202
                    0x0204                  I2C1BRG = 0x204
                    0x0204                  _I2C1BRG = 0x204
                    0x0206                  I2C1CON = 0x206
                    0x0206                  _I2C1CON = 0x206
                    0x0206                  _I2C1CONbits = 0x206
                    0x0208                  I2C1STAT = 0x208
                    0x0208                  _I2C1STAT = 0x208
                    0x0208                  _I2C1STATbits = 0x208
                    0x020a                  I2C1ADD = 0x20a
                    0x020a                  _I2C1ADD = 0x20a
                    0x020c                  I2C1MSK = 0x20c
                    0x020c                  _I2C1MSK = 0x20c
                    0x0210                  I2C2RCV = 0x210
                    0x0210                  _I2C2RCV = 0x210
                    0x0212                  I2C2TRN = 0x212
                    0x0212                  _I2C2TRN = 0x212
                    0x0214                  I2C2BRG = 0x214
                    0x0214                  _I2C2BRG = 0x214
                    0x0216                  I2C2CON = 0x216
                    0x0216                  _I2C2CON = 0x216
                    0x0216                  _I2C2CONbits = 0x216
                    0x0218                  I2C2STAT = 0x218
                    0x0218                  _I2C2STAT = 0x218
                    0x0218                  _I2C2STATbits = 0x218
                    0x021a                  I2C2ADD = 0x21a
                    0x021a                  _I2C2ADD = 0x21a
                    0x021c                  I2C2MSK = 0x21c
                    0x021c                  _I2C2MSK = 0x21c
                    0x0220                  U1MODE = 0x220
                    0x0220                  _U1MODE = 0x220
                    0x0220                  _U1MODEbits = 0x220
                    0x0222                  U1STA = 0x222
                    0x0222                  _U1STA = 0x222
                    0x0222                  _U1STAbits = 0x222
                    0x0224                  U1TXREG = 0x224
                    0x0224                  _U1TXREG = 0x224
                    0x0226                  U1RXREG = 0x226
                    0x0226                  _U1RXREG = 0x226
                    0x0228                  U1BRG = 0x228
                    0x0228                  _U1BRG = 0x228
                    0x0230                  U2MODE = 0x230
                    0x0230                  _U2MODE = 0x230
                    0x0230                  _U2MODEbits = 0x230
                    0x0232                  U2STA = 0x232
                    0x0232                  _U2STA = 0x232
                    0x0232                  _U2STAbits = 0x232
                    0x0234                  U2TXREG = 0x234
                    0x0234                  _U2TXREG = 0x234
                    0x0236                  U2RXREG = 0x236
                    0x0236                  _U2RXREG = 0x236
                    0x0238                  U2BRG = 0x238
                    0x0238                  _U2BRG = 0x238
                    0x0240                  SPI1STAT = 0x240
                    0x0240                  _SPI1STAT = 0x240
                    0x0240                  _SPI1STATbits = 0x240
                    0x0242                  SPI1CON1 = 0x242
                    0x0242                  _SPI1CON1 = 0x242
                    0x0242                  _SPI1CON1bits = 0x242
                    0x0244                  SPI1CON2 = 0x244
                    0x0244                  _SPI1CON2 = 0x244
                    0x0244                  _SPI1CON2bits = 0x244
                    0x0248                  SPI1BUF = 0x248
                    0x0248                  _SPI1BUF = 0x248
                    0x0260                  SPI2STAT = 0x260
                    0x0260                  _SPI2STAT = 0x260
                    0x0260                  _SPI2STATbits = 0x260
                    0x0262                  SPI2CON1 = 0x262
                    0x0262                  _SPI2CON1 = 0x262
                    0x0262                  _SPI2CON1bits = 0x262
                    0x0264                  SPI2CON2 = 0x264
                    0x0264                  _SPI2CON2 = 0x264
                    0x0264                  _SPI2CON2bits = 0x264
                    0x0268                  SPI2BUF = 0x268
                    0x0268                  _SPI2BUF = 0x268
                    0x02c0                  TRISA = 0x2c0
                    0x02c0                  _TRISA = 0x2c0
                    0x02c0                  _TRISAbits = 0x2c0
                    0x02c2                  PORTA = 0x2c2
                    0x02c2                  _PORTA = 0x2c2
                    0x02c2                  _PORTAbits = 0x2c2
                    0x02c4                  LATA = 0x2c4
                    0x02c4                  _LATA = 0x2c4
                    0x02c4                  _LATAbits = 0x2c4
                    0x02c6                  TRISB = 0x2c6
                    0x02c6                  _TRISB = 0x2c6
                    0x02c6                  _TRISBbits = 0x2c6
                    0x02c8                  PORTB = 0x2c8
                    0x02c8                  _PORTB = 0x2c8
                    0x02c8                  _PORTBbits = 0x2c8
                    0x02ca                  LATB = 0x2ca
                    0x02ca                  _LATB = 0x2ca
                    0x02ca                  _LATBbits = 0x2ca
                    0x02cc                  TRISC = 0x2cc
                    0x02cc                  _TRISC = 0x2cc
                    0x02cc                  _TRISCbits = 0x2cc
                    0x02ce                  PORTC = 0x2ce
                    0x02ce                  _PORTC = 0x2ce
                    0x02ce                  _PORTCbits = 0x2ce
                    0x02d0                  LATC = 0x2d0
                    0x02d0                  _LATC = 0x2d0
                    0x02d0                  _LATCbits = 0x2d0
                    0x02d2                  TRISD = 0x2d2
                    0x02d2                  _TRISD = 0x2d2
                    0x02d2                  _TRISDbits = 0x2d2
                    0x02d4                  PORTD = 0x2d4
                    0x02d4                  _PORTD = 0x2d4
                    0x02d4                  _PORTDbits = 0x2d4
                    0x02d6                  LATD = 0x2d6
                    0x02d6                  _LATD = 0x2d6
                    0x02d6                  _LATDbits = 0x2d6
                    0x02d8                  TRISE = 0x2d8
                    0x02d8                  _TRISE = 0x2d8
                    0x02d8                  _TRISEbits = 0x2d8
                    0x02da                  PORTE = 0x2da
                    0x02da                  _PORTE = 0x2da
                    0x02da                  _PORTEbits = 0x2da
                    0x02dc                  LATE = 0x2dc
                    0x02dc                  _LATE = 0x2dc
                    0x02dc                  _LATEbits = 0x2dc
                    0x02de                  TRISF = 0x2de
                    0x02de                  _TRISF = 0x2de
                    0x02de                  _TRISFbits = 0x2de
                    0x02e0                  PORTF = 0x2e0
                    0x02e0                  _PORTF = 0x2e0
                    0x02e0                  _PORTFbits = 0x2e0
                    0x02e2                  LATF = 0x2e2
                    0x02e2                  _LATF = 0x2e2
                    0x02e2                  _LATFbits = 0x2e2
                    0x02e4                  TRISG = 0x2e4
                    0x02e4                  _TRISG = 0x2e4
                    0x02e4                  _TRISGbits = 0x2e4
                    0x02e6                  PORTG = 0x2e6
                    0x02e6                  _PORTG = 0x2e6
                    0x02e6                  _PORTGbits = 0x2e6
                    0x02e8                  LATG = 0x2e8
                    0x02e8                  _LATG = 0x2e8
                    0x02e8                  _LATGbits = 0x2e8
                    0x02fc                  PADCFG1 = 0x2fc
                    0x02fc                  _PADCFG1 = 0x2fc
                    0x02fc                  _PADCFG1bits = 0x2fc
                    0x0300                  ADC1BUF0 = 0x300
                    0x0300                  _ADC1BUF0 = 0x300
                    0x0302                  ADC1BUF1 = 0x302
                    0x0302                  _ADC1BUF1 = 0x302
                    0x0304                  ADC1BUF2 = 0x304
                    0x0304                  _ADC1BUF2 = 0x304
                    0x0306                  ADC1BUF3 = 0x306
                    0x0306                  _ADC1BUF3 = 0x306
                    0x0308                  ADC1BUF4 = 0x308
                    0x0308                  _ADC1BUF4 = 0x308
                    0x030a                  ADC1BUF5 = 0x30a
                    0x030a                  _ADC1BUF5 = 0x30a
                    0x030c                  ADC1BUF6 = 0x30c
                    0x030c                  _ADC1BUF6 = 0x30c
                    0x030e                  ADC1BUF7 = 0x30e
                    0x030e                  _ADC1BUF7 = 0x30e
                    0x0310                  ADC1BUF8 = 0x310
                    0x0310                  _ADC1BUF8 = 0x310
                    0x0312                  ADC1BUF9 = 0x312
                    0x0312                  _ADC1BUF9 = 0x312
                    0x0314                  ADC1BUFA = 0x314
                    0x0314                  _ADC1BUFA = 0x314
                    0x0316                  ADC1BUFB = 0x316
                    0x0316                  _ADC1BUFB = 0x316
                    0x0318                  ADC1BUFC = 0x318
                    0x0318                  _ADC1BUFC = 0x318
                    0x031a                  ADC1BUFD = 0x31a
                    0x031a                  _ADC1BUFD = 0x31a
                    0x031c                  ADC1BUFE = 0x31c
                    0x031c                  _ADC1BUFE = 0x31c
                    0x031e                  ADC1BUFF = 0x31e
                    0x031e                  _ADC1BUFF = 0x31e
                    0x0320                  AD1CON1 = 0x320
                    0x0320                  _AD1CON1 = 0x320
                    0x0320                  _AD1CON1bits = 0x320
                    0x0322                  AD1CON2 = 0x322
                    0x0322                  _AD1CON2 = 0x322
                    0x0322                  _AD1CON2bits = 0x322
                    0x0324                  AD1CON3 = 0x324
                    0x0324                  _AD1CON3 = 0x324
                    0x0324                  _AD1CON3bits = 0x324
                    0x0328                  AD1CHS = 0x328
                    0x0328                  _AD1CHS = 0x328
                    0x0328                  _AD1CHSbits = 0x328
                    0x032c                  AD1PCFG = 0x32c
                    0x032c                  _AD1PCFG = 0x32c
                    0x032c                  _AD1PCFGbits = 0x32c
                    0x0330                  AD1CSSL = 0x330
                    0x0330                  _AD1CSSL = 0x330
                    0x0330                  _AD1CSSLbits = 0x330
                    0x0600                  PMCON = 0x600
                    0x0600                  _PMCON = 0x600
                    0x0600                  _PMCONbits = 0x600
                    0x0602                  PMMODE = 0x602
                    0x0602                  _PMMODE = 0x602
                    0x0602                  _PMMODEbits = 0x602
                    0x0604                  PMADDR = 0x604
                    0x0604                  _PMADDR = 0x604
                    0x0604                  _PMADDRbits = 0x604
                    0x0604                  PMDOUT1 = 0x604
                    0x0604                  _PMDOUT1 = 0x604
                    0x0606                  PMDOUT2 = 0x606
                    0x0606                  _PMDOUT2 = 0x606
                    0x0608                  PMDIN1 = 0x608
                    0x0608                  _PMDIN1 = 0x608
                    0x060a                  PMDIN2 = 0x60a
                    0x060a                  _PMDIN2 = 0x60a
                    0x060c                  PMAEN = 0x60c
                    0x060c                  _PMAEN = 0x60c
                    0x060c                  _PMAENbits = 0x60c
                    0x060e                  PMSTAT = 0x60e
                    0x060e                  _PMSTAT = 0x60e
                    0x060e                  _PMSTATbits = 0x60e
                    0x0620                  ALRMVAL = 0x620
                    0x0620                  _ALRMVAL = 0x620
                    0x0622                  ALCFGRPT = 0x622
                    0x0622                  _ALCFGRPT = 0x622
                    0x0622                  _ALCFGRPTbits = 0x622
                    0x0624                  RTCVAL = 0x624
                    0x0624                  _RTCVAL = 0x624
                    0x0626                  RCFGCAL = 0x626
                    0x0626                  _RCFGCAL = 0x626
                    0x0626                  _RCFGCALbits = 0x626
                    0x0630                  CMCON = 0x630
                    0x0630                  _CMCON = 0x630
                    0x0630                  _CMCONbits = 0x630
                    0x0632                  CVRCON = 0x632
                    0x0632                  _CVRCON = 0x632
                    0x0632                  _CVRCONbits = 0x632
                    0x0640                  CRCCON = 0x640
                    0x0640                  _CRCCON = 0x640
                    0x0640                  _CRCCONbits = 0x640
                    0x0642                  CRCXOR = 0x642
                    0x0642                  _CRCXOR = 0x642
                    0x0642                  _CRCXORbits = 0x642
                    0x0644                  CRCDAT = 0x644
                    0x0644                  _CRCDAT = 0x644
                    0x0646                  CRCWDAT = 0x646
                    0x0646                  _CRCWDAT = 0x646
                    0x06c0                  ODCA = 0x6c0
                    0x06c0                  _ODCA = 0x6c0
                    0x06c0                  _ODCAbits = 0x6c0
                    0x06c6                  ODCB = 0x6c6
                    0x06c6                  _ODCB = 0x6c6
                    0x06c6                  _ODCBbits = 0x6c6
                    0x06cc                  ODCC = 0x6cc
                    0x06cc                  _ODCC = 0x6cc
                    0x06cc                  _ODCCbits = 0x6cc
                    0x06d2                  ODCD = 0x6d2
                    0x06d2                  _ODCD = 0x6d2
                    0x06d2                  _ODCDbits = 0x6d2
                    0x06d8                  ODCE = 0x6d8
                    0x06d8                  _ODCE = 0x6d8
                    0x06d8                  _ODCEbits = 0x6d8
                    0x06de                  ODCF = 0x6de
                    0x06de                  _ODCF = 0x6de
                    0x06de                  _ODCFbits = 0x6de
                    0x06e4                  ODCG = 0x6e4
                    0x06e4                  _ODCG = 0x6e4
                    0x06e4                  _ODCGbits = 0x6e4
                    0x0740                  RCON = 0x740
                    0x0740                  _RCON = 0x740
                    0x0740                  _RCONbits = 0x740
                    0x0742                  OSCCON = 0x742
                    0x0742                  _OSCCON = 0x742
                    0x0742                  _OSCCONbits = 0x742
                    0x0742                  OSCCONL = 0x742
                    0x0742                  _OSCCONL = 0x742
                    0x0743                  OSCCONH = 0x743
                    0x0743                  _OSCCONH = 0x743
                    0x0744                  CLKDIV = 0x744
                    0x0744                  _CLKDIV = 0x744
                    0x0744                  _CLKDIVbits = 0x744
                    0x0748                  OSCTUN = 0x748
                    0x0748                  _OSCTUN = 0x748
                    0x0748                  _OSCTUNbits = 0x748
                    0x0760                  NVMCON = 0x760
                    0x0760                  _NVMCON = 0x760
                    0x0760                  _NVMCONbits = 0x760
                    0x0766                  NVMKEY = 0x766
                    0x0766                  _NVMKEY = 0x766
                    0x0770                  PMD1 = 0x770
                    0x0770                  _PMD1 = 0x770
                    0x0770                  _PMD1bits = 0x770
                    0x0772                  PMD2 = 0x772
                    0x0772                  _PMD2 = 0x772
                    0x0772                  _PMD2bits = 0x772
                    0x0774                  PMD3 = 0x774
                    0x0774                  _PMD3 = 0x774
                    0x0774                  _PMD3bits = 0x774
                    0x0140                  IC1 = 0x140
                    0x0140                  _IC1 = 0x140
                    0x0144                  IC2 = 0x144
                    0x0144                  _IC2 = 0x144
                    0x0148                  IC3 = 0x148
                    0x0148                  _IC3 = 0x148
                    0x014c                  IC4 = 0x14c
                    0x014c                  _IC4 = 0x14c
                    0x0150                  IC5 = 0x150
                    0x0150                  _IC5 = 0x150
                    0x0180                  OC1 = 0x180
                    0x0180                  _OC1 = 0x180
                    0x0186                  OC2 = 0x186
                    0x0186                  _OC2 = 0x186
                    0x018c                  OC3 = 0x18c
                    0x018c                  _OC3 = 0x18c
                    0x0192                  OC4 = 0x192
                    0x0192                  _OC4 = 0x192
                    0x0198                  OC5 = 0x198
                    0x0198                  _OC5 = 0x198
                    0x0240                  SPI1 = 0x240
                    0x0240                  _SPI1 = 0x240
                    0x0260                  SPI2 = 0x260
                    0x0260                  _SPI2 = 0x260
                    0x0220                  UART1 = 0x220
                    0x0220                  _UART1 = 0x220
                    0x0230                  UART2 = 0x230
                    0x0230                  _UART2 = 0x230
START GROUP
LOAD c:/program files/microchip/xc16/v2.10/bin/bin/../../lib\libc99-pic30-elf.a
LOAD c:/program files/microchip/xc16/v2.10/bin/bin/../../lib\libm-elf.a
LOAD c:/program files/microchip/xc16/v2.10/bin/bin/../../lib\libc99-elf.a
END GROUP
OUTPUT(dist/default/production/MuscleMatrix.X.production.elf elf32-pic30)
LOAD jump_table
LOAD default_isr
LOAD data_init

.debug_pubtypes
                  0x000478        0xa7e
 .debug_pubtypes
                  0x000478         0xdd build/default/production/mcc_generated_files/system.o
 .debug_pubtypes
                  0x000555         0x2b build/default/production/mcc_generated_files/clock.o
 .debug_pubtypes
                  0x000580         0x4e build/default/production/mcc_generated_files/traps.o
 .debug_pubtypes
                  0x0005ce         0xec build/default/production/mcc_generated_files/interrupt_manager.o
 .debug_pubtypes
                  0x0006ba         0xdc build/default/production/mcc_generated_files/uart2.o
 .debug_pubtypes
                  0x000796         0x1f build/default/production/mcc_generated_files/pin_manager.o
 .debug_pubtypes
                  0x0007b5         0xa4 build/default/production/mcc_generated_files/tmr1.o
 .debug_pubtypes
                  0x000859         0xa4 build/default/production/mcc_generated_files/tmr2.o
 .debug_pubtypes
                  0x0008fd         0xdd build/default/production/mcc_generated_files/adc1.o
 .debug_pubtypes
                  0x0009da        0x13c build/default/production/mcc_generated_files/i2c1.o
 .debug_pubtypes
                  0x000b16         0xa4 build/default/production/mcc_generated_files/tmr3.o
 .debug_pubtypes
                  0x000bba         0xfb build/default/production/main.o
 .debug_pubtypes
                  0x000cb5         0xfb build/default/production/NEMS.o
 .debug_pubtypes
                  0x000db0         0x43 build/default/production/common.o
 .debug_pubtypes
                  0x000df3         0x60 build/default/production/eeprom.o
 .debug_pubtypes
                  0x000e53         0x60 build/default/production/dac.o
 .debug_pubtypes
                  0x000eb3         0x43 build/default/production/imu.o

__c30_signature
                  0x000ef6         0xde
 __c30_signature
                  0x000ef6          0x6 build/default/production/mcc_generated_files/system.o
 __c30_signature
                  0x000efc          0x6 build/default/production/mcc_generated_files/clock.o
 __c30_signature
                  0x000f02          0x6 build/default/production/mcc_generated_files/traps.o
 __c30_signature
                  0x000f08          0x6 build/default/production/mcc_generated_files/interrupt_manager.o
 __c30_signature
                  0x000f0e          0x6 build/default/production/mcc_generated_files/mcc.o
 __c30_signature
                  0x000f14          0x6 build/default/production/mcc_generated_files/uart2.o
 __c30_signature
                  0x000f1a          0x6 build/default/production/mcc_generated_files/pin_manager.o
 __c30_signature
                  0x000f20          0x6 build/default/production/mcc_generated_files/tmr1.o
 __c30_signature
                  0x000f26          0x6 build/default/production/mcc_generated_files/tmr2.o
 __c30_signature
                  0x000f2c          0x6 build/default/production/mcc_generated_files/adc1.o
 __c30_signature
                  0x000f32          0x6 build/default/production/mcc_generated_files/i2c1.o
 __c30_signature
                  0x000f38          0x6 build/default/production/mcc_generated_files/tmr3.o
 __c30_signature
                  0x000f3e          0x6 build/default/production/main.o
 __c30_signature
                  0x000f44          0x6 build/default/production/NEMS.o
 __c30_signature
                  0x000f4a          0x6 build/default/production/common.o
 __c30_signature
                  0x000f50          0x6 build/default/production/eeprom.o
 __c30_signature
                  0x000f56          0x6 build/default/production/dac.o
 __c30_signature
                  0x000f5c          0x6 build/default/production/imu.o
 __c30_signature
                  0x000f62          0x6 c:/program files/microchip/xc16/v2.10/bin/bin/../../lib\libc99-pic30-elf.a(crt0_standard.o)
 __c30_signature
                  0x000f68          0x6 c:/program files/microchip/xc16/v2.10/bin/bin/../../lib\libc99-pic30-elf.a(data_init_standard.o)
 __c30_signature
                  0x000f6e          0x6 c:/program files/microchip/xc16/v2.10/bin/bin/../../lib\libc99-pic30-elf.a(delay32.Meo)
 __c30_signature
                  0x000f74          0x6 c:/program files/microchip/xc16/v2.10/bin/bin/../../lib\libc99-pic30-elf.a(feqltle.XX_o)
 __c30_signature
                  0x000f7a          0x6 c:/program files/microchip/xc16/v2.10/bin/bin/../../lib\libc99-pic30-elf.a(fgtge.XX_o)
 __c30_signature
                  0x000f80          0x6 c:/program files/microchip/xc16/v2.10/bin/bin/../../lib\libc99-pic30-elf.a(fixsfsi.XX_o)
 __c30_signature
                  0x000f86          0x6 c:/program files/microchip/xc16/v2.10/bin/bin/../../lib\libc99-pic30-elf.a(fixunssfsi.XX_o)
 __c30_signature
                  0x000f8c          0x6 c:/program files/microchip/xc16/v2.10/bin/bin/../../lib\libc99-pic30-elf.a(floatsisf.XX_o)
 __c30_signature
                  0x000f92          0x6 c:/program files/microchip/xc16/v2.10/bin/bin/../../lib\libc99-pic30-elf.a(floatunsisf.XX_o)
 __c30_signature
                  0x000f98          0x6 c:/program files/microchip/xc16/v2.10/bin/bin/../../lib\libc99-pic30-elf.a(funpack.XX_o)
 __c30_signature
                  0x000f9e          0x6 c:/program files/microchip/xc16/v2.10/bin/bin/../../lib\libc99-pic30-elf.a(udivsi3.XX_o)
 __c30_signature
                  0x000fa4          0x6 c:/program files/microchip/xc16/v2.10/bin/bin/../../lib\libc99-pic30-elf.a(umodsi3.XX_o)
 __c30_signature
                  0x000faa          0x6 c:/program files/microchip/xc16/v2.10/bin/bin/../../lib\libc99-pic30-elf.a(errno.XX_o)
 __c30_signature
                  0x000fb0          0x6 c:/program files/microchip/xc16/v2.10/bin/bin/../../lib\libc99-pic30-elf.a(fcompare.XX_o)
 __c30_signature
                  0x000fb6          0x6 c:/program files/microchip/xc16/v2.10/bin/bin/../../lib\libc99-pic30-elf.a(floatdisf.XX_o)
 __c30_signature
                  0x000fbc          0x6 c:/program files/microchip/xc16/v2.10/bin/bin/../../lib\libc99-pic30-elf.a(floatundisf.XX_o)
 __c30_signature
                  0x000fc2          0x6 c:/program files/microchip/xc16/v2.10/bin/bin/../../lib\libc99-pic30-elf.a(fpack.XX_o)
 __c30_signature
                  0x000fc8          0x6 c:/program files/microchip/xc16/v2.10/bin/bin/../../lib\libc99-pic30-elf.a(funpack2.XX_o)
 __c30_signature
                  0x000fce          0x6 c:/program files/microchip/xc16/v2.10/bin/bin/../../lib\libc99-elf.a(strlen.XX_o)

.nbss               0x0800         0x2a
 .nbss              0x0800         0x18 build/default/production/mcc_generated_files/i2c1.o
 .nbss              0x0818          0xe build/default/production/mcc_generated_files/uart2.o
                    0x0822                  _UART2_TxDefaultInterruptHandler
                    0x0824                  _UART2_RxDefaultInterruptHandler
 .nbss              0x0826          0x4 build/default/production/mcc_generated_files/adc1.o

.ndata              0x082a          0x2
 .ndata             0x082a          0x2 build/default/production/mcc_generated_files/traps.o

.nbss               0x082c          0xc
 .nbss              0x082c          0x2 build/default/production/mcc_generated_files/tmr1.o
                    0x082c                  _TMR1_InterruptHandler
 .nbss              0x082e          0x2 build/default/production/mcc_generated_files/tmr2.o
                    0x082e                  _TMR2_InterruptHandler
 .nbss              0x0830          0x2 build/default/production/mcc_generated_files/tmr3.o
                    0x0830                  _TMR3_InterruptHandler
 .nbss              0x0832          0x2 build/default/production/main.o
 .nbss              0x0834          0x2 build/default/production/NEMS.o
                    0x0835                  _adcValueReady
 .nbss              0x0836          0x2 c:/program files/microchip/xc16/v2.10/bin/bin/../../lib\libc99-pic30-elf.a(errno.XX_o)
                    0x0836                  _errno

.bss                0x0838        0x14a
 .bss               0x0838        0x100 build/default/production/eeprom.o
                    0x0838                  _eepromMirror
 .bss               0x0938         0x20 build/default/production/mcc_generated_files/traps.o
 .bss               0x0958         0x12 build/default/production/mcc_generated_files/uart2.o
 .bss               0x096a         0x12 build/default/production/mcc_generated_files/i2c1.o
 .bss               0x097c          0x2 build/default/production/mcc_generated_files/tmr1.o
 .bss               0x097e          0x2 build/default/production/mcc_generated_files/tmr2.o
 .bss               0x0980          0x2 build/default/production/mcc_generated_files/tmr3.o

.config_JTAGEN    0x00abfe          0x2
 .config_JTAGEN
                  0x00abfe          0x2 build/default/production/mcc_generated_files/system.o

.config_IESO      0x00abfc          0x2
 .config_IESO     0x00abfc          0x2 build/default/production/mcc_generated_files/system.o

.ivt._OscillatorFail
                  0x000006          0x2
 .ivt._OscillatorFail
                  0x000006          0x2 build/default/production/mcc_generated_files/traps.o

.ivt._StackError
                  0x00000a          0x2
 .ivt._StackError
                  0x00000a          0x2 build/default/production/mcc_generated_files/traps.o

.ivt._AddressError
                  0x000008          0x2
 .ivt._AddressError
                  0x000008          0x2 build/default/production/mcc_generated_files/traps.o

.ivt._MathError
                  0x00000c          0x2
 .ivt._MathError
                  0x00000c          0x2 build/default/production/mcc_generated_files/traps.o

.ivt._U2TXInterrupt
                  0x000052          0x2
 .ivt._U2TXInterrupt
                  0x000052          0x2 build/default/production/mcc_generated_files/uart2.o

.ivt._U2RXInterrupt
                  0x000050          0x2
 .ivt._U2RXInterrupt
                  0x000050          0x2 build/default/production/mcc_generated_files/uart2.o

.ivt._U2ErrInterrupt
                  0x000098          0x2
 .ivt._U2ErrInterrupt
                  0x000098          0x2 build/default/production/mcc_generated_files/uart2.o

.ivt._T1Interrupt
                  0x00001a          0x2
 .ivt._T1Interrupt
                  0x00001a          0x2 build/default/production/mcc_generated_files/tmr1.o

.ivt._T2Interrupt
                  0x000022          0x2
 .ivt._T2Interrupt
                  0x000022          0x2 build/default/production/mcc_generated_files/tmr2.o

.ivt._ADC1Interrupt
                  0x00002e          0x2
 .ivt._ADC1Interrupt
                  0x00002e          0x2 build/default/production/mcc_generated_files/adc1.o

.ivt._MI2C1Interrupt
                  0x000036          0x2
 .ivt._MI2C1Interrupt
                  0x000036          0x2 build/default/production/mcc_generated_files/i2c1.o

.ivt._T3Interrupt
                  0x000024          0x2
 .ivt._T3Interrupt
                  0x000024          0x2 build/default/production/mcc_generated_files/tmr3.o

.const              0x902e         0x1c load address 0x00102e  
 .const             0x902e         0x14 build/default/production/NEMS.o
 .const             0x9042          0x8 build/default/production/main.o

.text             0x00104a       0x1106
 .text            0x00104a        0x310 build/default/production/mcc_generated_files/uart2.o
                  0x00104a                  _UART2_Initialize
                  0x001080                  _UART2_SetTxInterruptHandler
                  0x001098                  _UART2_Transmit_CallBack
                  0x00109e                  _UART2_SetRxInterruptHandler
                  0x0010b6                  _UART2_Receive_CallBack
                  0x0010bc                  _UART2_Read
                  0x0010e8                  _UART2_Write
                  0x001112                  _UART2_IsRxReady
                  0x001128                  _UART2_IsTxReady
                  0x00115c                  _UART2_IsTxDone
                  0x0011ea                  _UART2_ReadBuffer
                  0x001224                  _UART2_WriteBuffer
                  0x00125e                  _UART2_TransferStatusGet
                  0x0012a2                  _UART2_Peek
                  0x0012c2                  _UART2_ReceiveBufferIsEmpty
                  0x0012d2                  _UART2_TransmitBufferIsFull
                  0x0012e2                  _UART2_StatusGet
                  0x0012ea                  _UART2_TransmitBufferSizeGet
                  0x001318                  _UART2_ReceiveBufferSizeGet
                  0x001346                  _UART2_Enable
                  0x001350                  _UART2_Disable
 .text            0x00135a        0x2b4 build/default/production/imu.o
                  0x00135a                  _LIS331DLHTRGetWhoAmI
                  0x0013ae                  _LIS331DLHTRGetMode
                  0x0013ee                  _LIS331DLHTRSetMode
                  0x00141a                  _LIS331DLHTRPowerOff
                  0x001446                  _LIS331DLHTRGetOutX
                  0x0014de                  _LIS331DLHTRGetOutY
                  0x001576                  _LIS331DLHTRGetOutZ
 .text            0x00160e        0x1de build/default/production/eeprom.o
                  0x001680                  _FT24C08AInit
                  0x001688                  _FT24C08AWriteData
                  0x00172e                  _BR24T32WriteProgram
                  0x001792                  _BR24T32ReadProgram
                  0x0017e2                  _FT24C08AGetProgram
 .text            0x0017ec        0x1dc build/default/production/mcc_generated_files/i2c1.o
                  0x0017ec                  _I2C1_Initialize
                  0x001822                  _I2C1_ErrorCountGet
                  0x00186c                  _I2C1_MasterWrite
                  0x00189e                  _I2C1_MasterRead
                  0x0018d0                  _I2C1_MasterTRBInsert
                  0x001948                  _I2C1_MasterReadTRBBuild
                  0x001978                  _I2C1_MasterWriteTRBBuild
                  0x00199c                  _I2C1_MasterQueueIsEmpty
                  0x0019b2                  _I2C1_MasterQueueIsFull
 .text            0x0019c8        0x1ce build/default/production/NEMS.o
                  0x001a50                  _DelayUs
                  0x001a6c                  _TMR3Cb
                  0x001a80                  _ADCValuesCb
                  0x001a8c                  _ConvertADCToVoltage
                  0x001aaa                  _CalculateBattPercent
                  0x001b10                  _SendBatteryData
                  0x001b7a                  _NEMSInit
 .text            0x001b96        0x140 build/default/production/dac.o
                  0x001b96                  _DACInit
                  0x001b9c                  _DACSetValue
                  0x001c30                  _DACSetValueTest
 .text            0x001cd6        0x136 build/default/production/common.o
                  0x001cd6                  _reverse
                  0x001d26                  _itoaU16
                  0x001d6e                  _itoaU32
                  0x001dc0                  _PutString
                  0x001de6                  _PutConstString
 .text            0x001e0c         0xb8 build/default/production/mcc_generated_files/tmr1.o
                  0x001e0c                  _TMR1_Initialize
                  0x001e30                  _TMR1_Period16BitSet
                  0x001e42                  _TMR1_Period16BitGet
                  0x001e4a                  _TMR1_Counter16BitSet
                  0x001e5c                  _TMR1_Counter16BitGet
                  0x001e64                  _TMR1_CallBack
                  0x001e6a                  _TMR1_SetInterruptHandler
                  0x001e7a                  _TMR1_Start
                  0x001e8a                  _TMR1_Stop
                  0x001e94                  _TMR1_GetElapsedThenClear
                  0x001eac                  _TMR1_SoftwareCounterGet
                  0x001eb8                  _TMR1_SoftwareCounterClear
 .text            0x001ec4         0xb8 build/default/production/mcc_generated_files/tmr2.o
                  0x001ec4                  _TMR2_Initialize
                  0x001ee8                  _TMR2_Period16BitSet
                  0x001efa                  _TMR2_Period16BitGet
                  0x001f02                  _TMR2_Counter16BitSet
                  0x001f14                  _TMR2_Counter16BitGet
                  0x001f1c                  _TMR2_CallBack
                  0x001f22                  _TMR2_SetInterruptHandler
                  0x001f32                  _TMR2_Start
                  0x001f42                  _TMR2_Stop
                  0x001f4c                  _TMR2_GetElapsedThenClear
                  0x001f64                  _TMR2_SoftwareCounterGet
                  0x001f70                  _TMR2_SoftwareCounterClear
 .text            0x001f7c         0xb8 build/default/production/mcc_generated_files/tmr3.o
                  0x001f7c                  _TMR3_Initialize
                  0x001fa0                  _TMR3_Period16BitSet
                  0x001fb2                  _TMR3_Period16BitGet
                  0x001fba                  _TMR3_Counter16BitSet
                  0x001fcc                  _TMR3_Counter16BitGet
                  0x001fd4                  _TMR3_CallBack
                  0x001fda                  _TMR3_SetInterruptHandler
                  0x001fea                  _TMR3_Start
                  0x001ffa                  _TMR3_Stop
                  0x002004                  _TMR3_GetElapsedThenClear
                  0x00201c                  _TMR3_SoftwareCounterGet
                  0x002028                  _TMR3_SoftwareCounterClear
 .text            0x002034         0x94 build/default/production/main.o
                  0x002044                  _IsUARTReadyToTransmit
                  0x00205a                  _main
 .text            0x0020c8         0x88 build/default/production/mcc_generated_files/adc1.o
                  0x0020c8                  _ADC1_Initialize
                  0x0020f2                  _ADC1_CallBack
                  0x0020f8                  _ADC1_SetInterruptHandler
                  0x002104                  _ADC1_Start
                  0x00210c                  _ADC1_Stop
                  0x002114                  _ADC1_ConversionResultBufferGet

.dinit            0x002150         0x6a
 .dinit           0x002150         0x6a data_init

.text             0x0021ba         0xd2
 .text            0x0021ba         0x62 build/default/production/mcc_generated_files/interrupt_manager.o
                  0x0021ba                  _INTERRUPT_Initialize
 .text            0x00221c         0x42 build/default/production/mcc_generated_files/pin_manager.o
                  0x00221c                  _PIN_MANAGER_Initialize
 .text            0x00225e         0x2e build/default/production/mcc_generated_files/clock.o
                  0x00225e                  _CLOCK_Initialize

.init.delay32     0x00228c         0x1c
 .init.delay32    0x00228c         0x1c c:/program files/microchip/xc16/v2.10/bin/bin/../../lib\libc99-pic30-elf.a(delay32.Meo)
                  0x00228c                  ___delay32

.text             0x0022a8         0x30
 .text            0x0022a8         0x18 build/default/production/mcc_generated_files/system.o
                  0x0022a8                  _SYSTEM_Initialize
 .text            0x0022c0         0x18 build/default/production/mcc_generated_files/traps.o
                  0x0022c0                  _TRAPS_halt_on_error
